---
http_interactions:
- request:
    method: post
    uri: http://todoable.teachable.tech/api/lists/5a3cecfc-cb0c-4d98-9aa9-e16764c01321/items
    body:
      encoding: UTF-8
      string: '{"item":{"name":"Call pop"}}'
    headers:
      Content-Type:
      - application/json
      Accept:
      - application/json
      Authorization:
      - Token token=5977b424-ec49-43a4-a5db-6f2d1c09a0bc
  response:
    status:
      code: 201
      message: Created
    headers:
      Date:
      - Fri, 17 Aug 2018 17:45:52 GMT
      Connection:
      - keep-alive
      Content-Type:
      - application/json;charset=utf-8
      Location:
      - http://todoable.teachable.tech/api/lists/5a3cecfc-cb0c-4d98-9aa9-e16764c01321/items/36affb52-4b0e-4d60-90cb-c9b481393c7f
      Content-Length:
      - '211'
      X-Content-Type-Options:
      - nosniff
      Server:
      - thin
      Via:
      - 1.1 vegur
    body:
      encoding: UTF-8
      string: '{"name":"Call pop","finished_at":null,"src":"http://todoable.teachable.tech/api/lists/5a3cecfc-cb0c-4d98-9aa9-e16764c01321/items/36affb52-4b0e-4d60-90cb-c9b481393c7f","id":"36affb52-4b0e-4d60-90cb-c9b481393c7f"}'
    http_version: 
  recorded_at: Fri, 17 Aug 2018 17:45:53 GMT
- request:
    method: put
    uri: http://todoable.teachable.tech/api/lists/5a3cecfc-cb0c-4d98-9aa9-e16764c01321/items/36affb52-4b0e-4d60-90cb-c9b481393c7f/finish
    body:
      encoding: UTF-8
      string: "{}"
    headers:
      Content-Type:
      - application/json
      Accept:
      - application/json
      Authorization:
      - Token token=5977b424-ec49-43a4-a5db-6f2d1c09a0bc
  response:
    status:
      code: 200
      message: OK
    headers:
      Date:
      - Fri, 17 Aug 2018 17:45:53 GMT
      Connection:
      - keep-alive
      Content-Type:
      - application/json;charset=utf-8
      Content-Length:
      - '17'
      X-Content-Type-Options:
      - nosniff
      Server:
      - thin
      Via:
      - 1.1 vegur
    body:
      encoding: UTF-8
      string: Call pop finished
    http_version: 
  recorded_at: Fri, 17 Aug 2018 17:45:53 GMT
- request:
    method: put
    uri: http://todoable.teachable.tech/api/lists/5a3cecfc-cb0c-4d98-9aa9-e16764c01321/items/36affb52-4b0e-4d60-90cb-c9b481393c7f/finish
    body:
      encoding: UTF-8
      string: "{}"
    headers:
      Content-Type:
      - application/json
      Accept:
      - application/json
      Authorization:
      - Token token=5977b424-ec49-43a4-a5db-6f2d1c09a0bc
  response:
    status:
      code: 404
      message: Not Found
    headers:
      Date:
      - Fri, 17 Aug 2018 17:45:53 GMT
      Connection:
      - keep-alive
      Content-Type:
      - text/html;charset=utf-8
      Content-Length:
      - '0'
      X-Xss-Protection:
      - 1; mode=block
      X-Content-Type-Options:
      - nosniff
      X-Frame-Options:
      - SAMEORIGIN
      Server:
      - thin
      Via:
      - 1.1 vegur
    body:
      encoding: UTF-8
      string: ''
    http_version: 
  recorded_at: Fri, 17 Aug 2018 17:45:53 GMT
recorded_with: VCR 4.0.0
